# CVS $Revision: 21675 $ $Author: amaitland $ -- Thu Dec 12 13:42:02 2013 -- reformated by prettylst.pl v1.50 (build 21703)
SOURCELONG:Bestiary 4	SOURCESHORT:B4	SOURCEWEB:http://paizo.com/products/btpy8yop	SOURCEDATE:2012-01
# Original Entry By: Stefan Radermacher

# Race Name	Starting Feats	Size		Move						Face/Space	Reach		Combat bonus					Bonus to skill							Stat bonus																	Modify VAR																					Weapon prof. bonus						Automatically Gained Language	Ability																																						Nb Legs	Nb Hands	Natural Attacks																																				Monster Class Name and Starting Level	Main Race Type			Template		Challenge Rating	Source Page		Apply Kit
Grendel	STARTFEATS:1	SIZE:L	MOVE:Walk,40				FACE:10	REACH:10	BONUS:COMBAT|AC|25|TYPE=NaturalArmor	BONUS:SKILL|Perception (When listening)|8|TYPE=Racial	BONUS:STAT|STR|26	BONUS:STAT|DEX|8	BONUS:STAT|CON|16	BONUS:STAT|INT,CHA|-2	BONUS:STAT|WIS|4			BONUS:VAR|FrightfulPresenceRange|60	BONUS:VAR|AcidResistanceBonus,ColdResistanceBonus,FireResistanceBonus|10	BONUS:VAR|MR|7										AUTO:LANG|Common			ABILITY:Special Ability|AUTOMATIC|Blood Rage|Ferocity|Frightful Presence|Grab|Resistance to Acid|Resistance to Cold|Resistance to Fire|Brutal Surge ~ Grendel|Gruesome Dismemberment ~ Grendel|Regeneration ~ Grendel|Mythic Test Ability	LEGS:2	HANDS:2	NATURALATTACKS:Claw,Weapon.Natural.Weapon Group Natural.Melee.Finesseable.Piercing.Slashing.SPROP=grab,*2,3d10	NATURALATTACKS:Bite,Weapon.Natural.Weapon Group Natural.Melee.Finesseable.Bludgeoning.Piercing.Slashing,*1,4d8	MONSTERCLASS:Monstrous Humanoid:20		RACETYPE:Monstrous Humanoid	TEMPLATE:Mythic	CR:19			SOURCEPAGE:p.145	KIT:1|CE
Myrmecoleon	STARTFEATS:1	SIZE:H	MOVE:Walk,30,Burrow,20,Climb,20	FACE:15	REACH:15	BONUS:COMBAT|AC|18|TYPE=NaturalArmor										BONUS:STAT|STR|12	BONUS:STAT|DEX|-4	BONUS:STAT|CON|10	BONUS:STAT|INT|-8	BONUS:STAT|WIS|2	BONUS:STAT|CHA|-6	BONUS:VAR|MR|3																				BONUS:WEAPONPROF=Mandibles|DAMAGE|max(0,(STR/2))						ABILITY:Special Ability|AUTOMATIC|Blood Drain|Constrict|Death Throes ~ Myrmecoleon|Ferocity|Grab|Immunity to Acid|Scalding Spray ~ Myrmecoleon|Trample														LEGS:6	HANDS:2	NATURALATTACKS:Mandibles,Weapon.Natural.Weapon Group Natural.Melee.Finesseable.Bludgeoning.Slashing,*2,4d8																					MONSTERCLASS:Magical Beast:10			RACETYPE:Magical Beast		TEMPLATE:Mythic	CR:10			SOURCEPAGE:p.198	KIT:1|TN
