# CVS $Revision: 13092 $ $Author: maredudd800 $ -- Wed Jan 23 15:17:16 2013 -- reformated by prettylst.pl v1.39 (build 18270)
SOURCELONG:Ultimate Combat	SOURCESHORT:PFUC	SOURCEWEB:http://paizo.com/pathfinderRPG/v5748btpy8ies	SOURCEDATE:2011-07
# Original Entry by: Stefan Radermacher

###Block: New feats
# Feat Name				Type			Required Ability							Req. Att.	Required Feat					Multiple Requirements																	Required Stat	Description																Multiple?	Choose							Source Page		Description of the Benefits
Bludgeoner				TYPE:Combat																																											DESC:You can knock foes out cold with just about any blunt instrument.																SOURCEPAGE:p.90	BENEFIT:You take no penalty on attack rolls for using a lethal bludgeoning weapon to deal nonlethal damage.
Close-Quarters Thrower		TYPE:Combat													PREFEAT:2,Dodge,Weapon Focus																							PRESTAT:1,DEX=13	DESC:You are agile enough to avoid melee attacks while throwing weapons or bombs.				MULT:YES	CHOOSE:WEAPONPROFICIENCY|FEAT=Weapon Focus	SOURCEPAGE:p.92	BENEFIT: You do not provoke attacks of opportunity for making ranged attacks using the selected weapon. If you are an alchemist, and you select this feat and choose alchemist bombs, you do not provoke attacks of opportunity for the process of drawing components of, creating, and throwing a bomb.
Clustered Shot			TYPE:Combat											PREATT:6	PREFEAT:2,Point-Blank Shot,Precise Shot																								DESC:You take a moment to carefully aim your shots, causing them all to strike nearly the same spot.											SOURCEPAGE:p.92
#Amateur Gunslinger	TYPE:Combat												!PREABILITY:1,CATEGORY=Special Ability,Grit ~ Gunslinger																																						DESC:Although you are not a gunslinger, you both have and can use grit.																									SOURCEPAGE:p.6
#Deft Shootist		TYPE:Grit																													PREFEAT:2,Dodge,Mobility	PREMULT:1,[PREABILITY:1,CATEGORY=Special Ability,Grit ~ Gunslinger],[PREFEAT:1,Amateur Gunslinger]									DESC:You can avoid attacks while shooting and reloading firearms.																										SOURCEPAGE:p,7
Escape Route			TYPE:Teamwork																																										DESC:You have trained to watch your allies' backs, covering them as they make tactical withdraws.											SOURCEPAGE:p.100	BENEFIT:An ally who also has this feat provokes no attacks of opportunity for moving through squares adjacent to you or within your space.
#Extra Grit			TYPE:Grit																																		PREMULT:1,[PREABILITY:1,CATEGORY=Special Ability,Grit ~ Gunslinger],[PREFEAT:1,Amateur Gunslinger]									DESC:You have more grit than the ordinary gunslinger.																							BONUS:VAR|GunslingerGritMax|2	SOURCEPAGE:p,7
Fortified Armor Training	TYPE:Combat																				PREMULT:1,[PREPROFWITHARMOR:1,TYPE.Tower,TYPE.Light,TYPE.Heavy],[PREPROFWITHSHIELD:1,TYPE.Light,TYPE.Medium,TYPE.Heavy]				DESC:You have learned to let your armor bear the brunt of the worst attacks.															SOURCEPAGE:p.102	BENEFIT:If an opponent scores a critical hit against you, you can turn the critical hit into a normal hit. If you do, either your armor or your shield gains the broken condition (your choice).
#Gunsmithing			TYPE:General																																																										DESC:You know the secrets of repairing and restoring firearms.																										SOURCEPAGE:p.7
#Leaping Shot Deed		TYPE:Grit																						PREATT:4						PREFEAT:2,Dodge,Mobility	PREMULT:1,[PREABILITY:1,CATEGORY=Special Ability,Grit ~ Gunslinger],[PREFEAT:1,Amateur Gunslinger]						PRESTAT:1,DEX=13	DESC:You leap through the air, guns blazing.																													SOURCEPAGE:p,7
#No Name			TYPE:Grit																																		PREMULT:1,[PREABILITY:1,CATEGORY=Special Ability,Grit ~ Gunslinger],[PREFEAT:1,Amateur Gunslinger]	PRESKILL:1,Bluff=4					DESC:You don't need an elaborate disguise to keep your identity under wraps.															BONUS:SKILL|Bluff|2						SOURCEPAGE:p.7
Raging Brutaliy			TYPE:General	PREABILITY:1,CATEGORY=Special Ability,Rage		PREATT:12	PREFEAT:1,Power Attack																								PRESTAT:1,STR=13	DESC:You expend some of your rage to strike your opponents with a more powerful weapon blow.												SOURCEPAGE:p.114	BENEFIT:While raging and using Power Attack, you can spend 3 additional rounds of your rage as a swift action to add your Constitution bonus on damage rolls for melee attacks or thrown weapon attacks you make on your turn. If you are using the weapon two-handed, instead add 1-1/2 times your Constitution bonus. This bonus damage is not multiplied on a critical hit.
Raging Deathblow			TYPE:General	PREABILITY:1,CATEGORY=Special Ability,Greater Rage																																	DESC:Every killing blow gives you a surge of vitality, further fueling your rage.														SOURCEPAGE:p.114	BENEFIT:While raging, whenever your attack reduces your opponent to –1 or fewer hit points, you gain 1 extra round of rage for that day. If that attack was a critical hit, you gain 1 additional extra round of rage for that day. Whenever you rest to renew your total number of rounds of rage per day, any extra rounds you still have from this feat are lost.
#Ricochet Shot Deed	TYPE:Grit																													PREFEAT:1,Blind-Fight		PREMULT:1,[PREABILITY:1,CATEGORY=Special Ability,Grit ~ Gunslinger],[PREFEAT:1,Amateur Gunslinger]									DESC:You can ricochet a firearm shot off the wall, and still hit your target.																								SOURCEPAGE:p,7
#Secret Stash Deed		TYPE:Grit																																		PREMULT:1,[PREABILITY:1,CATEGORY=Special Ability,Grit ~ Gunslinger],[PREFEAT:1,Amateur Gunslinger]	PRESKILL:1,Sleight of Hand=1				DESC:You are so skilled at stashing small packets of firearm ammunition and black powder on your person that you sometimes surprise yourself when you find them.										SOURCEPAGE:p,7
#Signature Deed		TYPE:Grit		PREABILITY:1,CATEGORY=Special Ability,Grit ~ Gunslinger													PRECLASS:1,Gunslinger=11																															DESC:You are known for performing a particular deed, and can perform it with greater ease.																					SOURCEPAGE:p,7

###Block: Core feats
# Feat Name		Type		Req. Weapond Prof.					Description									Multiple?	Choose							Source Page		Description of the Benefits
#Rapid Reload	TYPE:Combat	PREWEAPONPROF:1,TYPE.Crossbow,TYPE.Firearm	DESC:You can reload your chosen type of weapon quickly.	MULT:YES	CHOOSE:WEAPONPROFS|TYPE.Crossbow|TYPE.Firearm	SOURCEPAGE:p.8	BENEFIT:The time required for you to reload your chosen type of crossbow is reduced to a free action (for a hand or light crossbow), a move action (for a heavy crossbow or one-handed firearm), or a standard action (for a two-handed firearm). Reloading a crossbow or firearm still provokes an attack of opportunity. If you have selected this feat for hand crossbow or light crossbow, you may fire that weapon as many times in a full-attack action as you could attack if you were using a bow.
#
# End
#
