# CVS $Revision: 21663 $ $Author: amaitland $ -- Fri Aug  7 11:27:25 2015 -- reformated by prettylst.pl v1.51 (build 25836)
SOURCELONG:Occult Adventures	SOURCESHORT:OA	SOURCEWEB:http://paizo.com/products/btpy97vo	SOURCEDATE:2015-08
# Original Entry by: Stefan Radermacher

# Equipment Name	Required Weapon Proficiency		Type												Cost		Weight	Crit Mult	Crit Range	Damage	Wield Category	Requires Modification?	Range		Size		Weapon prop. bonus					Special Property
Kinetic Blast	PROFICIENCY:WEAPON|Kinetic Blast	TYPE:Weapon.Exotic.Ranged.Unarmed.NoAttackPenalty				COST:0	WT:0		CRITMULT:x2	CRITRANGE:1	DAMAGE:0	WIELD:Light		MODS:NO					SIZE:M	RANGE:30
#Energy Blast	PROFICIENCY:WEAPON|Kinetic Blast	TYPE:Weapon.Exotic.Ranged.Unarmed.NoAttackPenalty				COST:0	WT:0		CRITMULT:x2	CRITRANGE:1	DAMAGE:0	WIELD:Light		MODS:NO					SIZE:M	RANGE:30
#Physical Blast	PROFICIENCY:WEAPON|Kinetic Blast	TYPE:Weapon.Exotic.Ranged.Unarmed.NoAttackPenalty				COST:0	WT:0		CRITMULT:x2	CRITRANGE:1	DAMAGE:0	WIELD:Light		MODS:NO					SIZE:M	RANGE:30

#
# End
#
