# CVS $Revision: 12957 $ $Author: jbaril $ -- Wed Aug  6 18:42:14 2014 -- reformated by prettylst.pl v1.51 (build 24365)
SOURCELONG:Advanced Class Guide Playtest	SOURCESHORT:ACG	SOURCEWEB:http://paizo.com/products/btpy92zi	SOURCEDATE:2013-12
# Original Entry by: Stefan Radermacher

###Block: New feats
# Feat Name		Type			Required Stat	Description												Multiple?	Choose							Weapon prof. bonus																					Source Page		Description of the Benefits
Slashing Grace	TYPE:General	PRESTAT:1,DEX=13	DESC:You can use a certain slashing weapon as if it were a piercing weapon.	MULT:YES	CHOOSE:WEAPONPROFICIENCY|PC[TYPE=Slashing]	BONUS:WEAPONPROF=%LIST|TOHIT|((max(STR,DEX)-STR)+SHIELDACCHECK)|TYPE=NotRanged|PREABILITY:1,CATEGORY=Special Ability,Finesse ~ Swashbuckler	SOURCEPAGE:p.47	BENEFIT:When wielding your chosen weapon one-handed, you can treat it as a one-handed piercing weapon for all feats and class abilities that require such a weapon. The weapon must be one for your size.

###Block: Other modified feats
# Feat Name			Clear Prereq.	Multiple Requirements
Combat Expertise.MOD	PRE:.CLEAR		PREMULT:1,[PRESTAT:1,INT=13],[PREMULT:2,[PREABILITY:1,CATEGORY=Special Ability,Finesse ~ Swashbuckler],[PRESTAT:1,CHA=13]]

#
# End
#
