# CVS $Revision: 21663 $ $Author: amaitland $ -- Wed Jul 30 17:52:38 2014 -- reformated by prettylst.pl v1.51 (build 24365)
SOURCELONG:Legendary Classes: More Covenant Magic	SOURCESHORT:LCMCM	SOURCEWEB:http://www.rpgnow.com/product/126559/Legendary-Classes-More-Covenant-Magic	SOURCEDATE:2014-02
# Original Entry by: Stefan Radermacher

###BLock: Feats
# Feat Name					Type			Required Ability								Required Class		Required Feat								Required Stat	Description										Stackable?	Multiple?	Choose		Bonus to Ability Pool			Modify VAR										Source Page		Aspects							Description of the Benefits
Extra Trance				CATEGORY:FEAT	TYPE:General	PREABILITY:1,CATEGORY=Special Ability,Medium ~ Trance																			DESC:You can use your trance ability more than normal.		STACK:YES	MULT:YES	CHOOSE:NOCHOICE							BONUS:VAR|TranceDuration|6	BONUS:VAR|BattleTranceDuration|6	SOURCEPAGE:p.12									BENEFIT:You can use trance for 6 additional rounds per day.
Extra Spirit Boon				CATEGORY:FEAT	TYPE:General	PREABILITY:1,CATEGORY=Special Ability,Medium ~ Spirit Boon																		DESC:You have learned the secrets of a new spirit boon.		STACK:YES	MULT:YES	CHOOSE:NOCHOICE	BONUS:ABILITYPOOL|Rage Power|1												SOURCEPAGE:p.12									BENEFIT:You gain one additional spirit boon. You must meet all the prerequisites for this spirit boon; however, you are treated as being 4 levels lower than your actual level for purposes of selecting a spirit boon. For example, a level 7 medium can gain a spirit boon with a minimum level of 1 or 3, but not those with a minimum level of 7 or higher.
Flexible Spell-Like Ability		CATEGORY:FEAT	TYPE:General											PRECLASS:1,Medium=1														DESC:You gained some flexibility in your spell-like abilities.	STACK:YES	MULT:YES	CHOOSE:NOCHOICE																		SOURCEPAGE:p.12									BENEFIT:Pick one spell level that you can use from the medium spell list. Once made, the choice cannot be changed. Once per day after resting, you can change one spell-like ability known for another spell-like ability known, chosen from the medium spell list for that spell level.
Selective Covenant			CATEGORY:FEAT	TYPE:General	PREABILITY:1,CATEGORY=Special Ability,TYPE.Covenant																PRESTAT:1,CHA=13	DESC:You can exclude creatures from your powers.																											SOURCEPAGE:p.12									BENEFIT:Whenever you activate a covenant or spell-like ability that targets an area of effect, you may exclude a number of creatures from the covenant’s or spell-like ability’s effects equal to your Charisma modifier. Those targets are not affected by your granted ability.&nl;Special: This feat functions like the Selective Channeling feat if the covenant or spell-like ability functions as the channel energy class feature. This feat functions as Selective Spell if the covenant or spell-like ability functions as a spell. You must possess 10 ranks in Spellcraft to use this feat as Selective Spell.
Shield against the Supernatural	CATEGORY:FEAT	TYPE:General																												DESC:You are naturally good at resisting supernatural powers.																									SOURCEPAGE:p.12	ASPECT:SaveBonus|+2 vs. supernatural abilities	BENEFIT:You gain a +2 bonus on saving throws made against supernatural abilities.
Supernatural Slayer			CATEGORY:FEAT	TYPE:General															PREFEAT:2,Combat Reflexes,Shield against the Supernatural.				DESC:You possess great skill in killing supernatural entities.																									SOURCEPAGE:p.12									BENEFIT:Creatures that use supernatural abilities while in your threatened area provoke attacks of opportunity from you.

#
# End
#
