# CVS $Revision: $ $Author: $ -- Fri Jul 12 10:35:10 2013 -- reformated by prettylst.pl v1.50 (build 20400)
SOURCELONG:Advanced Race Guide	SOURCESHORT:PFARG	SOURCEWEB:http://paizo.com/products/btpy8rv2?Pathfinder-Roleplaying-Game-Advanced-Race-Guide	SOURCEDATE:2012-06
# ORIGINAL ENTRY: none
# ORIGINAL ENTRY DATE: none

###Block: Elven archetypes
# Ability Name	Unique Key					Category of Ability	Type								Required Class		Multiple Requirements																			Required Race	Description																																										Ability													Cost		Source Page
Spellbinder		KEY:Wizard Archetype ~ Spellbinder	CATEGORY:Archetype	TYPE:Archetype.WizardArchetype.WizardArcaneBond	PRECLASS:1,Wizard=1	PREMULT:1,[PREABILITY:1,CATEGORY=Archetype,Wizard Archetype ~ Spellbinder],[!PREABILITY:1,CATEGORY=Archetype,TYPE.WizardArcaneBond]	PRERACE:1,Elf	DESC:A spellbinder is an elven wizard who forges an arcane bond between himself and one or more wizard spells. These spells become so well understood by the spellbinder that he can prepare them in spell slots that already have other spells prepared in them.	ABILITY:Special Ability|AUTOMATIC|Spell Bond ~ Spellbinder|PRECLASS:1,Wizard=1	COST:0	SOURCEPAGE:p.25

###Block: Elven archetypes abilites
# Spellbinder
# Ability Name		Unique Key						Category of Ability		Type							Define						Description																											Stackable?	Multiple?	Choose										Bonus to Ability Pool																																																																																																									Source Page
Spell Bond			KEY:Spell Bond ~ Spellbinder			CATEGORY:Special Ability	TYPE:SpecialQuality.Supernatural		DEFINE:SpellBondLVL|var("CL=Wizard")	DESC:You have chosen bonded spells. As a full-round action, you may replace a spell of the same or higher level as one of your bonded spells with that bonded spell.																BONUS:ABILITYPOOL|Bonded Spell Level 1|1|PREVARGTEQ:SpellBondLVL,1	BONUS:ABILITYPOOL|Bonded Spell Level 2|1|PREVARGTEQ:SpellBondLVL,3	BONUS:ABILITYPOOL|Bonded Spell Level 3|1|PREVARGTEQ:SpellBondLVL,5	BONUS:ABILITYPOOL|Bonded Spell Level 4|1|PREVARGTEQ:SpellBondLVL,7	BONUS:ABILITYPOOL|Bonded Spell Level 5|1|PREVARGTEQ:SpellBondLVL,9	BONUS:ABILITYPOOL|Bonded Spell Level 6|1|PREVARGTEQ:SpellBondLVL,11	BONUS:ABILITYPOOL|Bonded Spell Level 7|1|PREVARGTEQ:SpellBondLVL,13	BONUS:ABILITYPOOL|Bonded Spell Level 8|1|PREVARGTEQ:SpellBondLVL,15	BONUS:ABILITYPOOL|Bonded Spell Level 9|1|PREVARGTEQ:SpellBondLVL,17	SOURCEPAGE:p.25

Bonded Spell Level 1	KEY:Bonded Spell Level 1 ~ Spellbinder	CATEGORY:Special Ability	TYPE:SpecialQuality.BondedSpellLevel1								DESC:Your chosen bonded spell for spell level 1.																				STACK:NO	MULT:YES	CHOOSE:SPELLS|CLASSLIST=Wizard[LEVELMIN=1;LEVELMAX=1;KNOWN=YES]																																																																																																													SOURCEPAGE:p.25
Bonded Spell Level 2	KEY:Bonded Spell Level 2 ~ Spellbinder	CATEGORY:Special Ability	TYPE:SpecialQuality.BondedSpellLevel2								DESC:Your chosen bonded spell for spell level 2.																				STACK:NO	MULT:YES	CHOOSE:SPELLS|CLASSLIST=Wizard[LEVELMIN=2;LEVELMAX=2;KNOWN=YES]																																																																																																													SOURCEPAGE:p.25
Bonded Spell Level 3	KEY:Bonded Spell Level 3 ~ Spellbinder	CATEGORY:Special Ability	TYPE:SpecialQuality.BondedSpellLevel3								DESC:Your chosen bonded spell for spell level 3.																				STACK:NO	MULT:YES	CHOOSE:SPELLS|CLASSLIST=Wizard[LEVELMIN=3;LEVELMAX=3;KNOWN=YES]																																																																																																													SOURCEPAGE:p.25
Bonded Spell Level 4	KEY:Bonded Spell Level 4 ~ Spellbinder	CATEGORY:Special Ability	TYPE:SpecialQuality.BondedSpellLevel4								DESC:Your chosen bonded spell for spell level 4.																				STACK:NO	MULT:YES	CHOOSE:SPELLS|CLASSLIST=Wizard[LEVELMIN=4;LEVELMAX=4;KNOWN=YES]																																																																																																													SOURCEPAGE:p.25
Bonded Spell Level 5	KEY:Bonded Spell Level 5 ~ Spellbinder	CATEGORY:Special Ability	TYPE:SpecialQuality.BondedSpellLevel5								DESC:Your chosen bonded spell for spell level 5.																				STACK:NO	MULT:YES	CHOOSE:SPELLS|CLASSLIST=Wizard[LEVELMIN=5;LEVELMAX=5;KNOWN=YES]																																																																																																													SOURCEPAGE:p.25
Bonded Spell Level 6	KEY:Bonded Spell Level 6 ~ Spellbinder	CATEGORY:Special Ability	TYPE:SpecialQuality.BondedSpellLevel6								DESC:Your chosen bonded spell for spell level 6.																				STACK:NO	MULT:YES	CHOOSE:SPELLS|CLASSLIST=Wizard[LEVELMIN=6;LEVELMAX=6;KNOWN=YES]																																																																																																													SOURCEPAGE:p.25
Bonded Spell Level 7	KEY:Bonded Spell Level 7 ~ Spellbinder	CATEGORY:Special Ability	TYPE:SpecialQuality.BondedSpellLevel7								DESC:Your chosen bonded spell for spell level 7.																				STACK:NO	MULT:YES	CHOOSE:SPELLS|CLASSLIST=Wizard[LEVELMIN=7;LEVELMAX=7;KNOWN=YES]																																																																																																													SOURCEPAGE:p.25
Bonded Spell Level 8	KEY:Bonded Spell Level 8 ~ Spellbinder	CATEGORY:Special Ability	TYPE:SpecialQuality.BondedSpellLevel8								DESC:Your chosen bonded spell for spell level 8.																				STACK:NO	MULT:YES	CHOOSE:SPELLS|CLASSLIST=Wizard[LEVELMIN=8;LEVELMAX=8;KNOWN=YES]																																																																																																													SOURCEPAGE:p.25
Bonded Spell Level 9	KEY:Bonded Spell Level 9 ~ Spellbinder	CATEGORY:Special Ability	TYPE:SpecialQuality.BondedSpellLevel9								DESC:Your chosen bonded spell for spell level 9.																				STACK:NO	MULT:YES	CHOOSE:SPELLS|CLASSLIST=Wizard[LEVELMIN=9;LEVELMAX=9;KNOWN=YES]																																																																																																													SOURCEPAGE:p.25

#
# End
#
