# CVS $Revision: 12905 $ $Author: amaitland $ -- Tue Oct 19 12:02:28 2010 -- reformated by prettylst.pl v1.39 (build 11455)
SOURCELONG:Rise of the Runelords Player's Guide	SOURCESHORT:RotRPG	SOURCEWEB:http://paizo.com/pathfinder/adventurePath/riseOfTheRunelords/v5748btpy8bd9	SOURCEDATE:2007-08
# Original Entry by: Stefan Radermacher

###Block: Beasts of Varisia
# Race Name					Output Name					Starting Feats	Size		Move					Face/Space	Reach		Bonus to Ability Pool										Combat bonus				Stat bonus																	Weapon prof. bonus					Ability									Nb Legs	Nb Hands	Natural Attacks																								Define				Monster Class Name and Starting Level	Main Race Type		Source Page		Apply Kit
Companion (Cat (Small (Fire Pelt)))	OUTPUTNAME:Cat, Small (Fire Pelt)	STARTFEATS:1	SIZE:S	MOVE:Walk,50			FACE:5,5	REACH:5	BONUS:ABILITYPOOL|Companion Level Increase Choice|1|PREVARGTEQ:MasterLevel,4	BONUS:COMBAT|AC|1|TYPE=NaturalArmor	BONUS:STAT|STR|2	BONUS:STAT|DEX|10	BONUS:STAT|CON|2	BONUS:STAT|INT|-8	BONUS:STAT|WIS|2	BONUS:STAT|CHA|-4	BONUS:WEAPONPROF=Claws|TOHIT|5			ABILITY:Special Ability|AUTOMATIC|Scent|Trip			LEGS:4	HANDS:3	NATURALATTACKS:Bite,Weapon.Natural.Melee.Finesseable.Bludgeoning.Piercing.Slashing,*1,1d4|Claws,Weapon.Natural.Melee.Finesseable.Piercing.Slashing,*2,1d2						MONSTERCLASS:Companion:2			RACETYPE:Companion	SOURCEPAGE:p.6	KIT:1|Companion ~ Small Cat
Companion (Donkey Rat)			OUTPUTNAME:[NAME]				STARTFEATS:1	SIZE:S	MOVE:Walk,40,Climb,20,Swim,20	FACE:5	REACH:5	BONUS:ABILITYPOOL|Companion Level Increase Choice|1|PREVARGTEQ:MasterLevel,4							BONUS:STAT|DEX|6	BONUS:STAT|CON,WIS|2	BONUS:STAT|INT|-8	BONUS:STAT|CHA|-6						BONUS:WEAPONPROF=Bite|DAMAGE|max(0,(STR/2))	ABILITY:Special Ability|AUTOMATIC|Scent				LEGS:4			NATURALATTACKS:Bite,Weapon.Natural.Melee.Finesseable.Bludgeoning.Piercing.Slashing,*1,1d4																	MONSTERCLASS:Companion:2			RACETYPE:Companion	SOURCEPAGE:p.232	KIT:1|Companion ~ Dire Rat
Companion (Snake (Cindersnake))	OUTPUTNAME:Cindersnake			STARTFEATS:1	SIZE:S	MOVE:Walk,20,Climb,20,Swim,20	FACE:5,5	REACH:5	BONUS:ABILITYPOOL|Companion Level Increase Choice|1|PREVARGTEQ:MasterLevel,4	BONUS:COMBAT|AC|2|TYPE=NaturalArmor	BONUS:STAT|STR|-2	BONUS:STAT|DEX|6	BONUS:STAT|INT|-10	BONUS:STAT|WIS|2	BONUS:STAT|CHA|-8											ABILITY:Special Ability|AUTOMATIC|Scent|Poison			LEGS:0			NATURALATTACKS:Bite,Weapon.Natural.Melee.Finesseable.Bludgeoning.Piercing.Slashing.Poison,*1,1d3															MONSTERCLASS:Companion:2			RACETYPE:Companion	SOURCEPAGE:p.56	KIT:1|Companion ~ Snake
Companion (Bird (Storm Roc))		OUTPUTNAME:Storm Roc			STARTFEATS:1	SIZE:S	MOVE:Walk,10,Fly,80		FACE:5,5	REACH:5	BONUS:ABILITYPOOL|Companion Level Increase Choice|1|PREVARGTEQ:MasterLevel,4	BONUS:COMBAT|AC|1|TYPE=NaturalArmor	BONUS:STAT|DEX|4	BONUS:STAT|CON|2	BONUS:STAT|INT|-8	BONUS:STAT|WIS|4	BONUS:STAT|CHA|-4				BONUS:WEAPONPROF=Talons|TOHIT|5			ABILITY:Special Ability|AUTOMATIC|Flight Maneuverability	LEGS:2	HANDS:3	NATURALATTACKS:Bite,Weapon.Natural.Melee.Finesseable.Piercing.Slashing,*1,1d4|Talons,Weapon.Natural.Melee.Finesseable.Bludgeoning.Piercing.Slashing,*2,1d4	DEFINE:Maneuverability|3	MONSTERCLASS:Companion:2			RACETYPE:Companion	SOURCEPAGE:p.55	KIT:1|Companion ~ Bird

#
# End
#
