# CVS $Revision: $ $Author: $ -- Mon Nov 25 11:36:54 2013 -- reformated by prettylst.pl v1.50 (build 21703)
###Block: Demon (Marilith) Abilities
# Ability Name			Unique Key					Category of Ability		Type						Define						Description																																			Combat bonus									Modify VAR											Weapon prof. bonus																														Source Page		Aspects							SPELLLIKE
Crushing Coils			KEY:Crushing Coils ~ Marilith		CATEGORY:Special Ability	TYPE:SpecialAttack.Extraordinary	DEFINE:CrushingCoilsDC|10+(HD/2)+STR	DESC:A creature that takes damage from a marilith's constrict attack must succeed on a DC %1 Fortitude save or lose consciousness for 1d8 rounds.|CrushingCoilsDC																					BONUS:VAR|CrushingCoilsDC|2|PREFEAT:1,Ability Focus (Crushing Coils)																																		SOURCEPAGE:p.63	ASPECT:Ability Benefit|(DC %1)|CrushingCoilsDC
Infuse Weapon			KEY:Infuse Weapon ~ Marilith		CATEGORY:Special Ability	TYPE:SpecialAttack.Supernatural								DESC:Any weapon a marilith wields gains a +1 enhancement bonus to attack and damage, and strikes as if it were a chaotic and evil cold iron weapon (in addition to retaining the qualities of its actual composition).																								BONUS:WEAPONPROF=TYPE.Simple|DAMAGE,TOHIT|1|TYPE=Enhancement	BONUS:WEAPONPROF=TYPE.Martial|DAMAGE,TOHIT|1|TYPE=Enhancement	BONUS:WEAPONPROF=TYPE.Exotic|DAMAGE,TOHIT|1|TYPE=Enhancement	SOURCEPAGE:p.63
Multiweapon Mastery		KEY:Multiweapon Mastery ~ Marilith	CATEGORY:Special Ability	TYPE:SpecialAttack.Extraordinary								DESC:A marilith never takes penalties to her attack roll when fighting with multiple weapons.																					BONUS:COMBAT|TOHIT-PRIMARY|4	BONUS:COMBAT|TOHIT-SECONDARY|8													BONUS:WEAPONPROF=Tail Slap|TOHIT|-8																												SOURCEPAGE:p.63

Marilith Spell-Like Abilities							CATEGORY:Special Ability	TYPE:Internal																																																																																																																		SPELLLIKE:Innate|CONSTANT|SPELL=True Seeing	SPELLLIKE:Innate|CONSTANT|SPELL=Unholy Aura	SPELLLIKE:Innate|ATWILL|SPELL=Project Image	SPELLLIKE:Innate|ATWILL|SPELL=Telekinesis	SPELLLIKE:Innate|ATWILL|SPELL=Teleport (Greater/self plus objects)	SPELLLIKE:Innate|TIMES=3|SPELL=Blade Barrier	SPELLLIKE:Innate|TIMES=1|SPELL=Summon Monster V (Marilith)
