# CVS $Revision: $ $Author: $ -- Mon Nov 25 11:36:54 2013 -- reformated by prettylst.pl v1.50 (build 21703)
# Race Name		Output Name		Starting Feats	Size		Move			Face/Space	Reach		Combat bonus					Bonus to skill					Stat bonus													Modify VAR																					Class Skill									Ability																													Nb Legs	Nb Hands	Natural Attacks																													Spell Res.	Damage Reduction			Monster Class Name and Starting Level	Main Race Type	Race Subtype						Challenge Rating	Monster Role	Source Page		Apply Kit
Demon (Marilith)	OUTPUTNAME:[NAME]	STARTFEATS:1	SIZE:L	MOVE:Walk,40	FACE:10	REACH:10	BONUS:COMBAT|AC|15|TYPE=NaturalArmor	BONUS:SKILL|Perception|8|TYPE=Racial	BONUS:STAT|STR,CHA|14	BONUS:STAT|DEX|8	BONUS:STAT|CON|22	BONUS:STAT|INT,WIS|8	BONUS:VAR|SLA_CL|max(TL,1)	BONUS:VAR|ConstrictDieSize|6	BONUS:VAR|ConstrictBonusDamage|STR*1.5	BONUS:VAR|ConstrictDice|1	CSKILL:Acrobatics|Diplomacy|Intimidate|Use Magic Device	ABILITY:Special Ability|AUTOMATIC|Can't Be Tripped|Constrict|Crushing Coils ~ Marilith|Grab|Infuse Weapon ~ Marilith|Multiweapon Mastery ~ Marilith|Marilith Spell-Like Abilities	LEGS:0	HANDS:6	NATURALATTACKS:Slam,Weapon.Natural.Weapon Group Natural.Melee.Finesseable.Bludgeoning.Grab,*6,1d8|Tail Slap,Weapon.Natural.Weapon Group Natural.Melee.Finesseable.Bludgeoning.Grab,*1,2d6	SR:28		DR:10/Cold Iron	DR:10/Good	MONSTERCLASS:Outsider (Fort/Ref):16		RACETYPE:Outsider	RACESUBTYPE:Chaotic|Demon|Evil|Extraplanar	CR:17			ROLE:Combat		SOURCEPAGE:p.63	KIT:1|CE
