# CVS $Revision: 15516 $ $Author: amaitland $ -- Thu Sep 20 13:59:05 2012 -- reformated by prettylst.pl v1.39 (build 16265)
SOURCELONG:Knot of Thorns	SOURCESHORT:WotW1	SOURCEWEB:http://paizo.com/products/btpy8q8e?Way-of-the-Wicked-Book-One-Knot-of-Thorns	SOURCEDATE:2012-02
# Original Entry by: Stefan Radermacher

###Block: Campaign Traits
# Ability Name				Category of Ability		Type						Multiple Requirements																					Description																																																																																														Stackable?	Multiple?	Choose											Save checks bonus				Bonus to skill									Bonus to skill rank					Modify VAR							Class Skill				Source Page		Aspects
CATEGORY=Special Ability|Consorting with the Dark Powers.MOD	!PRECSKILL:1,Knowledge (Arcana),Knowledge (Planes)

Consorting with the Dark Powers	KEY:Consorting with the Dark Powers ~ Class Skill KA	CATEGORY:Special Ability	TYPE:Trait.CampaignTrait	PREMULT:1,[PREABILITY:1,CATEGORY=Special Ability,Consorting with the Dark Powers ~ Class Skills KA],[!PREABILITY:1,CATEGORY=Special Ability,TYPE.CampaignTrait]	DESC:You have been found guilty of summoning an evil outsider. Likely you were captured by the famed witch hunter Sir Balin of Karfeld. The last thing he said to you was, "May Mitra have mercy upon your wretched, damned soul." If only you could get a chance at revenge! You receive a +2 trait bonus to Knowledge (Arcana) and a +1 trait bonus on Knowledge (Planes), and Knowledge (Planes) becomes a class skill for you.	PRECSKILL:1,Knowledge (Arcana)	!PRECSKILL:1,Knowledge (Planes)																		BONUS:SKILL|Knowledge (Arcana)|2|TYPE=Trait	BONUS:SKILL|Knowledge (Planes)|1|TYPE=Trait	CSKILL:Knowledge (Planes)	SOURCEPAGE:p.91
Consorting with the Dark Powers	KEY:Consorting with the Dark Powers ~ Class Skill KP	CATEGORY:Special Ability	TYPE:Trait.CampaignTrait	PREMULT:1,[PREABILITY:1,CATEGORY=Special Ability,Consorting with the Dark Powers ~ Class Skills KP],[!PREABILITY:1,CATEGORY=Special Ability,TYPE.CampaignTrait]	DESC:You have been found guilty of summoning an evil outsider. Likely you were captured by the famed witch hunter Sir Balin of Karfeld. The last thing he said to you was, "May Mitra have mercy upon your wretched, damned soul." If only you could get a chance at revenge! You receive a +2 trait bonus to Knowledge (Planes) and a +1 trait bonus on Knowledge (Arcana), and Knowledge (Arcana) becomes a class skill for you.	PRECSKILL:1,Knowledge (Planes)	!PRECSKILL:1,Knowledge (Arcana)																		BONUS:SKILL|Knowledge (Planes)|2|TYPE=Trait	BONUS:SKILL|Knowledge (Arcana)|1|TYPE=Trait	CSKILL:Knowledge (Arcana)	SOURCEPAGE:p.91
Consorting with the Dark Powers	KEY:Consorting with the Dark Powers ~ Class Skill KAP	CATEGORY:Special Ability	TYPE:Trait.CampaignTrait	PREMULT:1,[PREABILITY:1,CATEGORY=Special Ability,Consorting with the Dark Powers ~ Class Skills KAP],[!PREABILITY:1,CATEGORY=Special Ability,TYPE.CampaignTrait]	DESC:You have been found guilty of summoning an evil outsider. Likely you were captured by the famed witch hunter Sir Balin of Karfeld. The last thing he said to you was, "May Mitra have mercy upon your wretched, damned soul." If only you could get a chance at revenge! You receive a +2 trait bonus to either Knowledge (Arcana) or Knowledge (Planes) and a +1 trait bonus on the other.						PRECSKILL:2,Knowledge (Arcana),Knowledge (Planes)				STACK:NO	MULT:YES	CHOOSE:NUMCHOICES=1|SKILLSNAMED|Knowledge (Arcana)|Knowledge (Planes)		BONUS:SKILL|Knowledge (Arcana),Knowledge (Planes)|2|TYPE=Trait											SOURCEPAGE:p.91

###Block: Adrastus Thorn Bonus Traits
Your duty overcomes physical hardship.		CATEGORY:Special Ability	TYPE:Trait.AdrastusThornBonusTrait	PREDEITY:1,Asmodeus	PREMULT:1,[PREABILITY:1,CATEGORY=Special Ability,Your duty overcomes physical hardship.],[!PREABILITY:1,CATEGORY=Special Ability,TYPE.AdrastusThornBonusTrait]	DESC:Adrastus Thorn has taught you to withstand bodily harm. You gain a +1 bonus to fortitude saves.	BONUS:CHECKS|Fortitude|1|TYPE=Trait
Your favorite spell shall be more dangerous.	CATEGORY:Special Ability	TYPE:Trait.AdrastusThornBonusTrait	PREDEITY:1,Asmodeus	PREMULT:1,[PREABILITY:1,CATEGORY=Special Ability,Let us perfect your favorite spell.],[!PREABILITY:1,CATEGORY=Special Ability,TYPE.AdrastusThornBonusTrait]		DESC:Adrastus Thorn drills you again and again in the use of one particular spell. Pick one spell. You gain a +1 trait bonus to the DC to resist this spell’s effects.	STACK:NO	MULT:YES	CHOOSE:NUMCHOICES=1|SPELLS|SPELLTYPE=Arcane|SPELLTYPE=Divine					BONUS:DC|SPELL.%LIST|1	

#
# End
#
