# CVS $Revision: 17892 $ $Author: amaitland $ -- Thu Jan 21 15:45:13 2016 -- reformated by PCGen PrettyLST v6.06.00
SOURCELONG:Reign of Winter, Part 6 - The Witch Queen's Revenge	SOURCESHORT:AP72	SOURCEWEB:http://paizo.com/products/btpy8yv7?Pathfinder-Adventure-Path-72-The-Witch-Queen-s-Revenge	SOURCEDATE:2013-07
# ORIGINAL ENTRY: Stefan Radermacher

###Block: Baba Yaga's Boons
# Ability Name				Category of Ability		Type						Define			Description																	Combat bonus					Modify VAR					Spell Res.		Damage Reduction	Cost
Baba Yaga's Boon (Natural Armor)	CATEGORY:Special Ability	TYPE:SpecialQuality.BabaYagaBoon					DESC:You gain a permanent +1 bonus to your natural armor that stacks with any existing natural armor bonus.	BONUS:COMBAT|AC|1|TYPE=NaturalArmor.STACK													COST:0
Baba Yaga's Boon (Damage Reduction)	CATEGORY:Special Ability	TYPE:SpecialQuality.BabaYagaBoon					DESC:You gain a damage reduction 5/-.																												DR:5/-		COST:0
Baba Yaga's Boon (Spell Resistance)	CATEGORY:Special Ability	TYPE:SpecialQuality.BabaYagaBoon	DEFINE:BabaYagaBoonSR|0	DESC:You gain spell resistance equal to 12 + your character level (%1).|BabaYagaBoonSR											BONUS:VAR|BabaYagaBoonSR|12+TL	SR:BabaYagaBoonSR				COST:0
Baba Yaga's Boon (+2 Strength)	CATEGORY:Special Ability	TYPE:SpecialQuality.BabaYagaBoon					DESC:You gain a permanent +2 inherent bonus to Strength.		BONUS:STAT|STR|2|TYPE=Inherent	COST:0
Baba Yaga's Boon (+2 Dexterity)	CATEGORY:Special Ability	TYPE:SpecialQuality.BabaYagaBoon					DESC:You gain a permanent +2 inherent bonus to Dexterity.		BONUS:STAT|DEX|2|TYPE=Inherent	COST:0
Baba Yaga's Boon (+2 Constitution)	CATEGORY:Special Ability	TYPE:SpecialQuality.BabaYagaBoon					DESC:You gain a permanent +2 inherent bonus to Constitution.	BONUS:STAT|CON|2|TYPE=Inherent	COST:0
Baba Yaga's Boon (+2 Intelligence)	CATEGORY:Special Ability	TYPE:SpecialQuality.BabaYagaBoon					DESC:You gain a permanent +2 inherent bonus to Intelligence.	BONUS:STAT|INT|2|TYPE=Inherent	COST:0
Baba Yaga's Boon (+2 Wisdom)		CATEGORY:Special Ability	TYPE:SpecialQuality.BabaYagaBoon					DESC:You gain a permanent +2 inherent bonus to Wisdom.		BONUS:STAT|WIS|2|TYPE=Inherent	COST:0
Baba Yaga's Boon (+2 Charisma)	CATEGORY:Special Ability	TYPE:SpecialQuality.BabaYagaBoon					DESC:You gain a permanent +2 inherent bonus to Charisma.		BONUS:STAT|CHA|2|TYPE=Inherent	COST:0

#
# End
#
