# CVS $Revision: $ $Author: $ -- Fri Jul 12 10:35:10 2013 -- reformated by prettylst.pl v1.50 (build 20400)
SOURCELONG:Legacy of Fire, Chapter 2: House of the Beast	SOURCESHORT:PF20	SOURCEWEB:http://paizo.com/pathfinder/adventurePath/legacyOfFire/v5748btpy86xw	SOURCEDATE:2009-03
# Original Entry by: Stefan Radermacher

# Race Name		Output Name			Starting Feats	Size		Move				Face/Space	Reach		Vision				Automatic Languages	Combat bonus				Bonus to skill					Stat bonus											Modify VAR										Ability																															Nb Legs	Nb Hands	Natural Attacks																									Monster Class Name and Starting Level	Main Race Type		Template			Challenge Rating	Source Page		Innate Spells															Apply Kit
Edimmu						STARTFEATS:1	SIZE:M	MOVE:Fly,60			FACE:5	REACH:5						LANGAUTO:Auran,Qadiran														BONUS:STAT|DEX|6	BONUS:STAT|INT|2	BONUS:STAT|WIS,CHA|4			BONUS:VAR|Maneuverability|5							ABILITY:Special Ability|AUTOMATIC|Flight Maneuverability|Dismissal Weakness ~ Edimmu|Frigid Touch ~ Edimmu|Life Implosion ~ Edimmu|Moan ~ Edimmu|Rejuvenation ~ Edimmu|Storm Mastery ~ Edimmu	LEGS:0	HANDS:2	NATURALATTACKS:Frigid touch,Weapon.Natural.Melee.Finesseable.Piercing.Cold,*1,1d6														MONSTERCLASS:Undead:5				RACETYPE:Undead		TEMPLATE:Incorporeal	CR:3			SOURCEPAGE:p.82	SPELLS:Innate|TIMES=ATWILL|CASTERLEVEL=6|Fog Cloud|Silent Image,11+CHA|Unseen Servant|Whispering Wind	KIT:1|CE
Gnoll (Unchosen)	OUTPUTNAME:[NAME] Gnoll	STARTFEATS:1	SIZE:L	MOVE:Walk,40		FACE:10	REACH:10	VISION:Darkvision (60')		LANGAUTO:Gnoll		BONUS:COMBAT|AC|6|TYPE=NaturalArmor	BONUS:SKILL|Perception|4|TYPE=Racial	BONUS:STAT|STR|12	BONUS:STAT|CON|8	BONUS:STAT|INT|-6	BONUS:STAT|CHA|-2												ABILITY:Special Ability|AUTOMATIC|Ferocity|Immunity to Mind-Affecting Effects|Scent|Deathwatch ~ Unchosen|Foresighted ~ Unchosen											LEGS:2	HANDS:2	NATURALATTACKS:Claw,Weapon.Natural.Melee.Finesseable.Piercing.Slashing,*2,1d6	NATURALATTACKS:Bite,Weapon.Natural.Melee.Finesseable.Bludgeoning.Piercing,*1,1d8	MONSTERCLASS:Humanoid:5				RACETYPE:Humanoid		TEMPLATE:Gnoll		CR:4			SOURCEPAGE:p.88																		KIT:1|CE
Sand Kraken						STARTFEATS:1	SIZE:L	MOVE:Walk,20,Burrow,20	FACE:10	REACH:10	VISION:Tremorsense (60')	LANGAUTO:Terran		BONUS:COMBAT|AC|8|TYPE=NaturalArmor								BONUS:STAT|STR|10	BONUS:STAT|CON|14	BONUS:STAT|INT|-8	BONUS:STAT|CHA|-9	BONUS:VAR|ConstrictDieSize|6	BONUS:VAR|ConstrictBonusDamage|2	ABILITY:Special Ability|AUTOMATIC|Constrict|Grab|Camouflage ~ Sand Kraken|Tentacle Reach ~ Sand Kraken|Tentacle Regeneration ~ Sand Kraken									LEGS:0	HANDS:10	NATURALATTACKS:Bite,Weapon.Natural.Melee.Finesseable.Bludgeoning.Piercing.Slashing,*1,2d6|Tentacles,Weapon.Natural.Melee.Finesseable.Bludgeoning.Grab,*10,1d6	MONSTERCLASS:Aberration:8			RACETYPE:Aberration					CR:8			SOURCEPAGE:p.47																		KIT:1|TN
