# CVS $Revision: 17892 $ $Author: amaitland $ -- Mon Jul 22 16:09:03 2013 -- reformated by prettylst.pl v1.50 (build 20400)
SOURCELONG:The Book of Fiends	SOURCESHORT:BoF	SOURCEWEB:http://greenroninstore.com/products/the-book-of-fiends-pdf	SOURCEDATE:2003-01
# Original Entry: Stefan Radermacher

###Block: Darksphinx Abilities
# Ability Name		Unique Key						Category of Ability		Type								Innate Spells												Description																																							Weapon prof. bonus																		Wield Category bonus		Source Page		Aspects							Description of the Benefits
Rake				KEY:Rake ~ Darksphinx				CATEGORY:Special Ability	TYPE:SpecialAttack.Extraordinary.AttackOption															DESC:You gain extra natural attacks under certain conditions, typically when you grapple foes.																																																			SOURCEPAGE:p.156	ASPECT:Ability Benefit|(2 claws +14, 1d6+6)	BENEFIT:You gain extra natural attacks under certain conditions, typically when you grapple foes. In addition to the options available to all grapplers, a monster with the rake ability gains two additional claw attacks that it can use only against a grappled foe. A monster with the rake ability must begin its turn already grappling to use its rake--it can't begin a grapple and rake in the same turn.
Symbol of Death		KEY:Symbol of Death ~ Darksphinx		CATEGORY:Special Ability	TYPE:SpecialQuality.Spelllike				SPELLS:Innate|TIMES=1|TIMEUNIT=Week|CASTERLEVEL=14|Symbol of Death,18+CHA		DESC:May cast Symbol of Death (DC %1) once per week. Symbol will last for 1 week maximum.|18+CHA																																																		SOURCEPAGE:p.156
Symbol of Fear		KEY:Symbol of Fear ~ Darksphinx		CATEGORY:Special Ability	TYPE:SpecialQuality.Spelllike				SPELLS:Innate|TIMES=1|TIMEUNIT=Week|CASTERLEVEL=14|Symbol of Fear,16+CHA		DESC:May cast Symbol of Fear (DC %1) once per week. Symbol will last for 1 week maximum.|16+CHA																																																			SOURCEPAGE:p.156
Symbol of Insanity	KEY:Symbol of Insanity ~ Darksphinx		CATEGORY:Special Ability	TYPE:SpecialQuality.Spelllike				SPELLS:Innate|TIMES=1|TIMEUNIT=Week|CASTERLEVEL=14|Symbol of Insanity,18+CHA		DESC:May cast Symbol of Insanity (DC %1) once per week. Symbol will last for 1 week maximum.|18+CHA																																																		SOURCEPAGE:p.156
Symbol of Pain		KEY:Symbol of Pain ~ Darksphinx		CATEGORY:Special Ability	TYPE:SpecialQuality.Spelllike				SPELLS:Innate|TIMES=1|TIMEUNIT=Week|CASTERLEVEL=14|Symbol of Pain,15+CHA		DESC:May cast Symbol of Pain (DC %1) once per week. Symbol will last for 1 week maximum.|15+CHA																																																			SOURCEPAGE:p.156
Symbol of Persuasion	KEY:Symbol of Persuasion ~ Darksphinx	CATEGORY:Special Ability	TYPE:SpecialQuality.Spelllike				SPELLS:Innate|TIMES=1|TIMEUNIT=Week|CASTERLEVEL=14|Symbol of Persuasion,16+CHA	DESC:May cast Symbol of Persuasion (DC %1) once per week. Symbol will last for 1 week maximum.|16+CHA																																																		SOURCEPAGE:p.156
Symbol of Sleep		KEY:Symbol of Sleep ~ Darksphinx		CATEGORY:Special Ability	TYPE:SpecialQuality.Spelllike				SPELLS:Innate|TIMES=1|TIMEUNIT=Week|CASTERLEVEL=14|Symbol of Sleep,15+CHA		DESC:May cast Symbol of Sleep (DC %1) once per week. Symbol will last for 1 week maximum.|15+CHA																																																		SOURCEPAGE:p.156
Symbol of Stunning	KEY:Symbol of Stunning ~ Darksphinx		CATEGORY:Special Ability	TYPE:SpecialQuality.Spelllike				SPELLS:Innate|TIMES=1|TIMEUNIT=Week|CASTERLEVEL=14|Symbol of Stunning,17+CHA		DESC:May cast Symbol of Stunning (DC %1) once per week. Symbol will last for 1 week maximum.|17+CHA																																																		SOURCEPAGE:p.156
Undersized Weapons	KEY:Undersized Weapons ~ Darksphinx		CATEGORY:Special Ability	TYPE:SpecialQuality.Extraordinary																	DESC:Although a darksphinx is Large, its upper torso is the same size as that of a Medium humanoid. As a result, darksphinxes wield weapons as if they were one size category smaller than their actual size (Medium for most darksphinxes).	BONUS:WEAPONPROF=TYPE.Simple|TOHIT|2	BONUS:WEAPONPROF=TYPE.Martial|TOHIT|2	BONUS:WEAPONPROF=TYPE.Exotic|TOHIT|2	BONUS:WIELDCATEGORY|ALL|1	SOURCEPAGE:p.156

#
# End
#
