# CVS $Revision: $ $Author: $ -- Fri Jan 14 23:49:33 2011 -- reformated by prettylst.pl v1.39 (build 11455)
AGESET:0|Adulthood
RACENAME:Blue%	CLASS:Barbarian,Rogue,Sorcerer,Soulknife,Wilder[BASEAGEADD:1d4]|Bard,Fighter,Paladin,Ranger,Psychic Warrior[BASEAGEADD:1d6]|Cleric,Druid,Monk,Psion,Wizard[BASEAGEADD:2d6]
RACENAME:Blue%	SEX:Male[BASEHT:46|HTDIEROLL:2d4|BASEWT:40|WTDIEROLL:1d1|TOTALWT:(BASEWT+HTDIEROLL)]Female[BASEHT:34|HTDIEROLL:2d4|BASEWT:35|TOTALWT:(BASEWT+HTDIEROLL)]
RACENAME:Blue%	BASEAGE:12	MAXAGE:24	AGEDIEROLL:4d4	HAIR:Black	EYES:Red|Yellow	SKINTONE:Blue

RACENAME:Dromite%	CLASS:Barbarian,Rogue,Sorcerer,Soulknife,Wilder[BASEAGEADD:1d4]|Bard,Fighter,Paladin,Ranger,Psychic Warrior[BASEAGEADD:1d6]|Cleric,Druid,Monk,Psion,Wizard[BASEAGEADD:2d6]
RACENAME:Dromite%	SEX:None[BASEHT:32|HTDIEROLL:2d4|BASEWT:30|WTDIEROLL:1d1|TOTALWT:(BASEWT+HTDIEROLL)]
RACENAME:Dromite%	BASEAGE:13	MAXAGE:29	AGEDIEROLL:5d4	HAIR:None	EYES:Blue|Black|Brown|Gray	SKINTONE:ed|Pale Blue|White|Green


AGESET:1|Middle Age	BONUS:STAT|STR,CON,DEX|-1	BONUS:STAT|INT,WIS,CHA|1
RACENAME:Blue%	BASEAGE:25	MAXAGE:49	AGEDIEROLL:3d6
RACENAME:Dromite%	BASEAGE:30	MAXAGE:54	AGEDIEROLL:3d6

AGESET:2|Old		BONUS:STAT|STR,CON,DEX|-3	BONUS:STAT|INT,WIS,CHA|2
RACENAME:Blue%	BASEAGE:50	MAXAGE:69	AGEDIEROLL:4d4+1
RACENAME:Dromite%	BASEAGE:55	MAXAGE:74	AGEDIEROLL:3d6

AGESET:3|Venerable	BONUS:STAT|STR,CON,DEX|-6	BONUS:STAT|INT,WIS,CHA|3
RACENAME:Blue%	BASEAGE:70	MAXAGE:90	AGEDIEROLL:4d10
RACENAME:Dromite%	BASEAGE:75	MAXAGE:115	AGEDIEROLL:3d6
