# CVS $Revision: 14299 $ $Author: elrotheonk $ -- Fri Jan 14 23:32:50 2011 -- reformated by prettylst.pl v1.39 (build 11455)
SOURCELONG:Psionics Unleashed	SOURCESHORT:PsU	SOURCEWEB:http://dreamscarredpress.com/dragonfly/Store/product/pid=70.html	SOURCEDATE:2010-11
# Original Entry by: Stefan Radermacher

###Block: Blue Abilities (POOL=7)
# Ability Name		Unique Key				Category of Ability		Type																Multiple Requirements																					Description																																										Automatically Gained Feat																Bonus to skill					Change Weapon Prof. Category	Class Skill		Source Page
Natually Psionic		KEY:Natually Psionic ~ Blue	CATEGORY:Special Ability	TYPE:SpecialQuality.Extraordinary.BlueRacialTrait.BlueRacialDefault.BlueNatuallyPsionic		PREMULT:1,[PREABILITY:1,CATEGORY=Special Ability,Natually Psionic ~ Blue],[!PREABILITY:1,CATEGORY=Special Ability,TYPE.BlueNatuallyPsionic]	DESC:Blues gain the Wild Talent feat.as a bonus feat at 1st level. If a blue takes levels in a psionic class, he instead gains the Psionic Talent feat.																		AUTO:FEAT|Wild Talent|!PRECLASS:1,SPELLCASTER.Psionic=1	AUTO:FEAT|Psionic Talent|PRECLASS:1,SPELLCASTER.Psionic=1																SOURCEPAGE:p.9
Psionic Aptitude		KEY:Psionic Aptitude ~ Blue	CATEGORY:Special Ability	TYPE:SpecialQuality.Extraordinary.BlueRacialTrait.BlueRacialDefault.BluePsionicAptitude		PREMULT:1,[PREABILITY:1,CATEGORY=Special Ability,Psionic Aptitude ~ Blue],[!PREABILITY:1,CATEGORY=Special Ability,TYPE.BluePsionicAptitude]	DESC:When a blue takes a level in a favored class, he can choose to gain an additional power point instead of a hit point or skill point.																																																								SOURCEPAGE:p.10
Pariah			KEY:Pariah ~ Blue			CATEGORY:Special Ability	TYPE:SpecialQuality.Extraordinary.BlueRacialTrait.BlueRacialDefault.BluePariah			PREMULT:1,[PREABILITY:1,CATEGORY=Special Ability,Pariah ~ Blue],[!PREABILITY:1,CATEGORY=Special Ability,TYPE.BluePariah]				DESC:The appearance of the blue can affect the reactions of those nearby. A blue takes a -1 penalty to Charisma-based skill checks when dealing with non-goblinoid humanoids, but gains a +1 bonus to Charisma-based skill checks while interacting with goblins.																																				SOURCEPAGE:p.10
Repletion			KEY:Repletion ~ Blue		CATEGORY:Special Ability	TYPE:SpecialQuality.Supernatural.BlueRacialTrait.BlueRacialDefault.BlueRepletion			PREMULT:1,[PREABILITY:1,CATEGORY=Special Ability,Repletion ~ Blue],[!PREABILITY:1,CATEGORY=Special Ability,TYPE.BlueRepletion]			DESC:A blue can sustain his body without need of food or water. If he spends 1 power point, a blue does not need to eat or drink for 24 hours.																																																							SOURCEPAGE:p.10
Keen Senses			KEY:Keen Senses ~ Blue		CATEGORY:Special Ability	TYPE:SpecialQuality.Extraordinary.BlueRacialTrait.BlueRacialDefault.BlueSenses.BlueKeenSenses	PREMULT:1,[PREABILITY:1,CATEGORY=Special Ability,Keen Senses ~ Blue],[!PREABILITY:1,CATEGORY=Special Ability,TYPE.BlueKeenSenses]			DESC:Blues receive a +2 racial bonus on Perception skill checks.																																																					BONUS:SKILL|Perception|2|TYPE=Racial									SOURCEPAGE:p.10
Stealthy			KEY:Stealthy ~ Blue		CATEGORY:Special Ability	TYPE:SpecialQuality.Extraordinary.BlueRacialTrait.BlueRacialDefault.BlueStealthy			PREMULT:1,[PREABILITY:1,CATEGORY=Special Ability,Stealthy ~ Blue],[!PREABILITY:1,CATEGORY=Special Ability,TYPE.BlueStealthy]				DESC:Blues receive a +2 racial bonus on Stealth and Ride checks, and blues always treat Stealth as a class skill.																																													BONUS:SKILL|Stealth,Ride|2|TYPE=Racial						CSKILL:Stealth	SOURCEPAGE:p.10
Weapon Familiarity	KEY:Weapon Familiarity ~ Blue	CATEGORY:Special Ability	TYPE:SpecialQuality.Extraordinary.BlueRacialTrait.BlueRacialDefault.BlueWeaponFamiliarity		PREMULT:1,[PREABILITY:1,CATEGORY=Special Ability,Weapon Familiarity ~ Blue],[!PREABILITY:1,CATEGORY=Special Ability,TYPE.BlueWeaponFamiliarity]	DESC:Blues treat any weapon with the word "goblin" in its name as a martial weapon.																																																									CHANGEPROF:TYPE.Elven=Martial				SOURCEPAGE:p.10

###Block: Dromite Abilities (POOL=6)
# Ability Name	Unique Key					Category of Ability		Type																	Visible		Multiple Requirements																						Description																																								Automatically Gained Feat																Ability						Bonus to Ability Pool					Combat bonus				Bonus to skill					Source Page
Chitin		KEY:Chitin ~ Dromite			CATEGORY:Special Ability	TYPE:SpecialQuality.Extraordinary.DromiteRacialTrait.DromiteRacialDefault.DromiteChitin						PREMULT:1,[PREABILITY:1,CATEGORY=Special Ability,Chitin ~ Dromite],[!PREABILITY:1,CATEGORY=Special Ability,TYPE.DromiteChitin]				DESC:Dromites receive a +1 natural armor bonus and one kind of energy resistance of their choice at creation. This choice is permanent and stacks with any future energy resistance gained through other effects.																																		BONUS:ABILITYPOOL|Chitin Energy Resistance|1	BONUS:COMBAT|AC|1|TYPE=NaturalArmor								SOURCEPAGE:p.10
Naturally Psionic	KEY:Natrually Psionic ~ Dromite	CATEGORY:Special Ability	TYPE:SpecialQuality.Extraordinary.DromiteRacialTrait.DromiteRacialDefault.DromiteNatruallyPsionic				PREMULT:1,[PREABILITY:1,CATEGORY=Special Ability,Naturally Psionic ~ Dromite],[!PREABILITY:1,CATEGORY=Special Ability,TYPE.DromiteNaturallyPsionic]	DESC:Dromites gain the Wild Talent feat as a bonus feat at 1st level. If a dromite takes levels in a psionic class, he instead gains the Psionic Talent feat.															AUTO:FEAT|Wild Talent|!PRECLASS:1,SPELLCASTER.Psionic=1	AUTO:FEAT|Psionic Talent|PRECLASS:1,SPELLCASTER.Psionic=1																													SOURCEPAGE:p.10
Dromite Psionics	KEY:Dromite Psionics ~ Dromite	CATEGORY:Special Ability	TYPE:SpecialAttack.SpellLike.DromiteRacialTrait.DromiteRacialDefault.DromiteDromitePsionics					PREMULT:1,[PREABILITY:1,CATEGORY=Special Ability,Psionics ~ Dromite],[!PREABILITY:1,CATEGORY=Special Ability,TYPE.DromiteDromitePsionics]			DESC:Dromites gain the following psilike ability: Energy Ray (1/day). A dromite always deals the kind of energy damage that its chitin has resistance to. The manifester level for this effect is equal to 1/2 the dromite’s level (minimum 1st).																																																	SOURCEPAGE:p.10
Compound Eyes	KEY:Compound Eyes ~ Dromite		CATEGORY:Special Ability	TYPE:SpecialQuality.Extraordinary.DromiteRacialTrait.DromiteRacialDefault.DromiteCompoundEyes					PREMULT:1,[PREABILITY:1,CATEGORY=Special Ability,Compound Eyes ~ Dromite],[!PREABILITY:1,CATEGORY=Special Ability,TYPE.DromiteCompoundEyes]		DESC:Dromites receive a +2 racial bonus on Perception checks.																																																																								BONUS:SKILL|Perception|2|TYPE=Racial	SOURCEPAGE:p.11
Psionic Aptitude	KEY:Psionic Aptitude ~ Dromite	CATEGORY:Special Ability	TYPE:SpecialQuality.Extraordinary.DromiteRacialTrait.DromiteRacialDefault.DromitePsionicAptitude				PREMULT:1,[PREABILITY:1,CATEGORY=Special Ability,Psionic Aptitude ~ Dromite],[!PREABILITY:1,CATEGORY=Special Ability,TYPE.DromitePsionicAptitude]	DESC:When a dromite takes a level in a favored class, it can choose to gain an additional power point instead of a hit point or skill point.																																																																		SOURCEPAGE:p.11
Scent			KEY:Scent ~ Dromite			CATEGORY:Special Ability	TYPE:SpecialQuality.Extraordinary.DromiteRacialTrait.DromiteRacialDefault.DromiteScent			VISIBLE:DISPLAY	PREMULT:1,[PREABILITY:1,CATEGORY=Special Ability,Scent ~ Dromite],[!PREABILITY:1,CATEGORY=Special Ability,TYPE.DromiteScent]					DESC:You gain the scent ability.																																																								ABILITY:Special Ability|AUTOMATIC|Scent																						SOURCEPAGE:p.11

#
# End
#
