# CVS $Revision: $ $Author: $ -- Thu Oct 13 15:39:41 2011 -- reformated by prettylst.pl v1.39 (build 11455)
SOURCELONG:Tome of Horrors Complete	SOURCESHORT:ToHC	SOURCEWEB:http://paizo.com/store/byCompany/f/frogGodGames/pathfinderRPG/other/v5748btpy8mqb	SOURCEDATE:2011-09
# Original Entry by: Stefan Radermacher

###Block: D
# Race Name		Output Name			Starting Feats	Size		Move				Face/Space	Reach		Vision				Automatic Languages	Combat bonus				Bonus to skill					Stat bonus														Modify VAR										Weapon prof. bonus					Class Skill								Ability																												Nb Legs	Nb Hands	Natural Attacks														Define				Spell Res.	Damage Reduction		Monster Class Name and Starting Level	Main Race Type	Template						Challenge Rating	Source Page		Innate Spells																										Apply Kit
Darnoc						STARTFEATS:1	SIZE:M	MOVE:Walk,30		FACE:5	REACH:5						LANGAUTO:Common		BONUS:COMBAT|AC|4|TYPE=NaturalArmor								BONUS:STAT|STR,INT,WIS|2	BONUS:STAT|DEX,CHA|4							BONUS:VAR|ChannelResistance|2	BONUS:VAR|FrightfulPresenceRange|30	BONUS:WEAPONPROF=Slam|DAMAGE|max(0,(STR/2))										ABILITY:Special Ability|AUTOMATIC|Channel Resistance|Frightful Presence|Create Spawn ~ Darnoc|Curse of the Grave ~ Darnoc|Ghost Form ~ Darnoc|Symbol of Discord ~ Darnoc					NATURALATTACKS:Slam,Weapon.Natural.Melee.Finesseable.Bludgeoning,*1,1d6																MONSTERCLASS:Undead:8				RACETYPE:Undead								CR:6			SOURCEPAGE:p.144																													KIT:1|LE
Demon (Alu-Demon)	OUTPUTNAME:[NAME]		STARTFEATS:1	SIZE:M	MOVE:Walk,30,Fly,50	FACE:5	REACH:5	VISION:Darkvision (120')					BONUS:COMBAT|AC|6|TYPE=NaturalArmor	BONUS:SKILL|Perception|4|TYPE=Racial	BONUS:STAT|STR,CHA|6	BONUS:STAT|DEX,CON,INT,WIS|4																										CSKILL:Diplomacy|Escape Artist|Intimidate|Survival	ABILITY:Special Ability|AUTOMATIC|Flight Maneuverability|Vampiric Touch ~ Alu-Demon																LEGS:2	HANDS:2	NATURALATTACKS:Claw,Weapon.Natural.Melee.Finesseable.Piercing.Slashing,*2,1d6				DEFINE:Maneuverability|3	SR:16		DR:5/Cold Iron or Good	MONSTERCLASS:Outsider (Fort/Ref):6		RACETYPE:Outsider	TEMPLATE:Chaotic|Demon|Evil|Extraplanar	CR:5			SOURCEPAGE:p.154	SPELLS:Innate|TIMES=3|CASTERLEVEL=8|Charm Person,11+CHA|Detect Thoughts,12+CHA|Disguise Self|Suggestion,13+CHA	SPELLS:Innate|TIMES=1|CASTERLEVEL=8|Dimension Door	KIT:1|CE
Dragonfly (Giant)	OUTPUTNAME:Giant [NAME]				SIZE:M	MOVE:Walk,20,Fly,80	FACE:5	REACH:5										BONUS:COMBAT|AC|3|TYPE=NaturalArmor								BONUS:STAT|STR|12	BONUS:STAT|DEX|10	BONUS:STAT|CON|4	BONUS:STAT|WIS|2	BONUS:STAT|CHA|-4												BONUS:WEAPONPROF=Bite|DAMAGE|max(0,(STR/2))										ABILITY:Special Ability|AUTOMATIC|Flight Maneuverability																				LEGS:6	HANDS:0	NATURALATTACKS:Bite,Weapon.Natural.Melee.Finesseable.Bludgeoning.Piercing.Slashing,*1,1d10	DEFINE:Maneuverability|5							MONSTERCLASS:Vermin:7				RACETYPE:Vermin								CR:4			SOURCEPAGE:p.236																													KIT:1|TN

###Block: E
# Race Name		Starting Feats	Size		Move				Face/Space	Reach		Combat bonus				Bonus to skill					Stat bonus							Modify VAR				Ability																									Nb Legs	Nb Hands	Natural Attacks																																					Monster Class Name and Starting Level	Main Race Type		Template		Challenge Rating	Source Page		Apply Kit
Eye of the Deep	STARTFEATS:1	SIZE:M	MOVE:Walk,5,Swim,20	FACE:5	REACH:5	BONUS:COMBAT|AC|5|TYPE=NaturalArmor	BONUS:SKILL|Perception|4|TYPE=Racial	BONUS:STAT|CON|4	BONUS:STAT|INT,WIS,CHA|2	BONUS:VAR|ConstrictDieSize|8	ABILITY:Special Ability|AUTOMATIC|All-Around Vision|Constrict|Grab|Eye Rays ~ Eye of the Deep|Stun Cone ~ Eye of the Deep|Swim-By Attack ~ Eye of the Deep	LEGS:0	HANDS:2	NATURALATTACKS:Pincer,Weapon.Natural.Melee.Finesseable.Piercing.Slashing,*2,1d6	NATURALATTACKS:Bite,Weapon.Natural.Melee.Finesseable.Bludgeoning.Piercing.Slashing,*1,1d6	NATURALATTACKS:Eye Ray,Weapon.Natural.Ranged.Touch,*2,0	MONSTERCLASS:Aberration:10			RACETYPE:Aberration	TEMPLATE:Aquatic	CR:6			SOURCEPAGE:p.275	KIT:1|LE

###Block: F
# Race Name	Starting Feats	Size		Move			Face/Space	Reach		Vision			Automatic Languages	Combat bonus				Bonus to skill							Stat bonus													Modify VAR				Weapon prof. bonus					Automatically Gained Armor Prof.			Automatically Gained Shield Prof.							Automatically Gained Weapon Prof.	Ability																																						Nb Legs	Nb Hands	Natural Attacks										Define				Monster Class Name and Starting Level	Main Race Type	Template			Challenge Rating	Source Page		Innate Spells																				Apply Kit
Fear Guard	STARTFEATS:1	SIZE:M	MOVE:Fly,30		FACE:5	REACH:5															BONUS:SKILL|Stealth (In dim light and darkness)|8	BONUS:STAT|DEX|4	BONUS:STAT|WIS|2	BONUS:STAT|CHA|8						BONUS:VAR|ChannelResistance|2	BONUS:WEAPONPROF=Incorporeal Touch|DAMAGE|-STR																											ABILITY:Special Ability|AUTOMATIC|Can't Be Tripped|Channel Resistance|Flight Maneuverability|Create Spawn ~ Fear Guard|Daylight Vulnerability ~ Fear Guard|Fear Aura ~ Fear Guard|See in Darkness ~ Fear Guard|Wisdom Damage ~ Fear Guard	LEGS:2	HANDS:2	NATURALATTACKS:Incorporeal Touch,Weapon.Natural.Melee.Finesseable,*1,0	DEFINE:Maneuverability|4	MONSTERCLASS:Undead:6				RACETYPE:Undead	TEMPLATE:Incorporeal	CR:5			SOURCEPAGE:p.277	SPELLS:Innate|TIMES=ATWILL|CASTERLEVEL=8|Darkness|Ray of Enfeeblement,11+CHA	SPELLS:Innate|TIMES=2|CASTERLEVEL=6|Deeper Darkness	KIT:1|CE
Flind		STARTFEATS:1	SIZE:M	MOVE:Walk,30	FACE:5	REACH:5	VISION:Darkvision (60')	LANGAUTO:Common,Gnoll	BONUS:COMBAT|AC|3|TYPE=NaturalArmor										BONUS:STAT|STR|8	BONUS:STAT|DEX,WIS|4	BONUS:STAT|CON|6	BONUS:STAT|INT,CHA|2														AUTO:ARMORPROF|ARMORTYPE=Light|ARMORTYPE=Medium	AUTO:SHIELDPROF|SHIELDTYPE=Buckler|SHIELDTYPE=Light|SHIELDTYPE=Heavy	AUTO:WEAPONPROF|Longbow|Nunchaku																																								LEGS:2	HANDS:2																		MONSTERCLASS:Humanoid:2				RACETYPE:Humanoid	TEMPLATE:Gnoll		CR:2			SOURCEPAGE:p.287																							KIT:1|LE

#
# End
#
